Analysis & Synthesis report for Titanic2
Tue Dec 04 18:09:25 2018
Quartus Prime Version 17.0.0 Build 595 04/25/2017 SJ Lite Edition


---------------------
; Table of Contents ;
---------------------
  1. Legal Notice
  2. Analysis & Synthesis Summary
  3. Analysis & Synthesis Settings
  4. Parallel Compilation
  5. Analysis & Synthesis Source Files Read
  6. Analysis & Synthesis Resource Usage Summary
  7. Analysis & Synthesis Resource Utilization by Entity
  8. User-Specified and Inferred Latches
  9. Registers Removed During Synthesis
 10. General Register Statistics
 11. Multiplexer Restructuring Statistics (Restructuring Performed)
 12. Port Connectivity Checks: "REGBANK16:BANCO_DE_REGISTRADORES"
 13. Port Connectivity Checks: "CONTROL16:UNIDADE_DE_CONTROLE"
 14. Port Connectivity Checks: "SOMA16BITS:SUM0"
 15. Port Connectivity Checks: "PC:PC0"
 16. Post-Synthesis Netlist Statistics for Top Partition
 17. Elapsed Time Per Partition
 18. Analysis & Synthesis Messages



----------------
; Legal Notice ;
----------------
Copyright (C) 2017  Intel Corporation. All rights reserved.
Your use of Intel Corporation's design tools, logic functions 
and other software and tools, and its AMPP partner logic 
functions, and any output files from any of the foregoing 
(including device programming or simulation files), and any 
associated documentation or information are expressly subject 
to the terms and conditions of the Intel Program License 
Subscription Agreement, the Intel Quartus Prime License Agreement,
the Intel MegaCore Function License Agreement, or other 
applicable license agreement, including, without limitation, 
that your use is for the sole purpose of programming logic 
devices manufactured by Intel and sold by Intel or its 
authorized distributors.  Please refer to the applicable 
agreement for further details.



+---------------------------------------------------------------------------------+
; Analysis & Synthesis Summary                                                    ;
+-----------------------------------+---------------------------------------------+
; Analysis & Synthesis Status       ; Successful - Tue Dec 04 18:09:25 2018       ;
; Quartus Prime Version             ; 17.0.0 Build 595 04/25/2017 SJ Lite Edition ;
; Revision Name                     ; Titanic2                                    ;
; Top-level Entity Name             ; Titanic2                                    ;
; Family                            ; Arria II GX                                 ;
; Logic utilization                 ; N/A                                         ;
;     Combinational ALUTs           ; 0                                           ;
;     Memory ALUTs                  ; 0                                           ;
;     Dedicated logic registers     ; 0                                           ;
; Total registers                   ; 0                                           ;
; Total pins                        ; 95                                          ;
; Total virtual pins                ; 0                                           ;
; Total block memory bits           ; 0                                           ;
; DSP block 18-bit elements         ; 0                                           ;
; Total GXB Receiver Channel PCS    ; 0                                           ;
; Total GXB Receiver Channel PMA    ; 0                                           ;
; Total GXB Transmitter Channel PCS ; 0                                           ;
; Total GXB Transmitter Channel PMA ; 0                                           ;
; Total PLLs                        ; 0                                           ;
; Total DLLs                        ; 0                                           ;
+-----------------------------------+---------------------------------------------+


+---------------------------------------------------------------------------------------------------------------------------+
; Analysis & Synthesis Settings                                                                                             ;
+---------------------------------------------------------------------------------+--------------------+--------------------+
; Option                                                                          ; Setting            ; Default Value      ;
+---------------------------------------------------------------------------------+--------------------+--------------------+
; Top-level entity name                                                           ; Titanic2           ; Titanic2           ;
; Family name                                                                     ; Arria II GX        ; Cyclone V          ;
; Use smart compilation                                                           ; Off                ; Off                ;
; Enable parallel Assembler and TimeQuest Timing Analyzer during compilation      ; On                 ; On                 ;
; Enable compact report table                                                     ; Off                ; Off                ;
; Restructure Multiplexers                                                        ; Auto               ; Auto               ;
; MLAB Add Timing Constraints For Mixed-Port Feed-Through Mode Setting Don't Care ; Off                ; Off                ;
; Create Debugging Nodes for IP Cores                                             ; Off                ; Off                ;
; Preserve fewer node names                                                       ; On                 ; On                 ;
; OpenCore Plus hardware evaluation                                               ; Enable             ; Enable             ;
; Verilog Version                                                                 ; Verilog_2001       ; Verilog_2001       ;
; VHDL Version                                                                    ; VHDL_1993          ; VHDL_1993          ;
; State Machine Processing                                                        ; Auto               ; Auto               ;
; Safe State Machine                                                              ; Off                ; Off                ;
; Extract Verilog State Machines                                                  ; On                 ; On                 ;
; Extract VHDL State Machines                                                     ; On                 ; On                 ;
; Ignore Verilog initial constructs                                               ; Off                ; Off                ;
; Iteration limit for constant Verilog loops                                      ; 5000               ; 5000               ;
; Iteration limit for non-constant Verilog loops                                  ; 250                ; 250                ;
; Add Pass-Through Logic to Inferred RAMs                                         ; On                 ; On                 ;
; Infer RAMs from Raw Logic                                                       ; On                 ; On                 ;
; Parallel Synthesis                                                              ; On                 ; On                 ;
; DSP Block Balancing                                                             ; Auto               ; Auto               ;
; NOT Gate Push-Back                                                              ; On                 ; On                 ;
; Power-Up Don't Care                                                             ; On                 ; On                 ;
; Remove Redundant Logic Cells                                                    ; Off                ; Off                ;
; Remove Duplicate Registers                                                      ; On                 ; On                 ;
; Ignore CARRY Buffers                                                            ; Off                ; Off                ;
; Ignore CASCADE Buffers                                                          ; Off                ; Off                ;
; Ignore GLOBAL Buffers                                                           ; Off                ; Off                ;
; Ignore ROW GLOBAL Buffers                                                       ; Off                ; Off                ;
; Ignore LCELL Buffers                                                            ; Off                ; Off                ;
; Ignore SOFT Buffers                                                             ; On                 ; On                 ;
; Limit AHDL Integers to 32 Bits                                                  ; Off                ; Off                ;
; Optimization Technique                                                          ; Balanced           ; Balanced           ;
; Carry Chain Length                                                              ; 70                 ; 70                 ;
; Auto Carry Chains                                                               ; On                 ; On                 ;
; Auto Open-Drain Pins                                                            ; On                 ; On                 ;
; Perform WYSIWYG Primitive Resynthesis                                           ; Off                ; Off                ;
; Auto ROM Replacement                                                            ; On                 ; On                 ;
; Auto RAM Replacement                                                            ; On                 ; On                 ;
; Auto DSP Block Replacement                                                      ; On                 ; On                 ;
; Auto Shift Register Replacement                                                 ; Auto               ; Auto               ;
; Allow Shift Register Merging across Hierarchies                                 ; Auto               ; Auto               ;
; Auto Clock Enable Replacement                                                   ; On                 ; On                 ;
; Strict RAM Replacement                                                          ; Off                ; Off                ;
; Allow Synchronous Control Signals                                               ; On                 ; On                 ;
; Force Use of Synchronous Clear Signals                                          ; Off                ; Off                ;
; Auto RAM Block Balancing                                                        ; On                 ; On                 ;
; Auto RAM to Logic Cell Conversion                                               ; Off                ; Off                ;
; Auto Resource Sharing                                                           ; Off                ; Off                ;
; Allow Any RAM Size For Recognition                                              ; Off                ; Off                ;
; Allow Any ROM Size For Recognition                                              ; Off                ; Off                ;
; Allow Any Shift Register Size For Recognition                                   ; Off                ; Off                ;
; Use LogicLock Constraints during Resource Balancing                             ; On                 ; On                 ;
; Ignore translate_off and synthesis_off directives                               ; Off                ; Off                ;
; Timing-Driven Synthesis                                                         ; On                 ; On                 ;
; Report Parameter Settings                                                       ; On                 ; On                 ;
; Report Source Assignments                                                       ; On                 ; On                 ;
; Report Connectivity Checks                                                      ; On                 ; On                 ;
; Ignore Maximum Fan-Out Assignments                                              ; Off                ; Off                ;
; Synchronization Register Chain Length                                           ; 3                  ; 3                  ;
; PowerPlay Power Optimization During Synthesis                                   ; Normal compilation ; Normal compilation ;
; HDL message level                                                               ; Level2             ; Level2             ;
; Suppress Register Optimization Related Messages                                 ; Off                ; Off                ;
; Number of Removed Registers Reported in Synthesis Report                        ; 5000               ; 5000               ;
; Number of Swept Nodes Reported in Synthesis Report                              ; 5000               ; 5000               ;
; Number of Inverted Registers Reported in Synthesis Report                       ; 100                ; 100                ;
; Clock MUX Protection                                                            ; On                 ; On                 ;
; Auto Gated Clock Conversion                                                     ; Off                ; Off                ;
; Block Design Naming                                                             ; Auto               ; Auto               ;
; SDC constraint protection                                                       ; Off                ; Off                ;
; Synthesis Effort                                                                ; Auto               ; Auto               ;
; Shift Register Replacement - Allow Asynchronous Clear Signal                    ; On                 ; On                 ;
; Pre-Mapping Resynthesis Optimization                                            ; Off                ; Off                ;
; Analysis & Synthesis Message Level                                              ; Medium             ; Medium             ;
; Disable Register Merging Across Hierarchies                                     ; Auto               ; Auto               ;
; Resource Aware Inference For Block RAM                                          ; On                 ; On                 ;
+---------------------------------------------------------------------------------+--------------------+--------------------+


+------------------------------------------+
; Parallel Compilation                     ;
+----------------------------+-------------+
; Processors                 ; Number      ;
+----------------------------+-------------+
; Number detected on machine ; 4           ;
; Maximum allowed            ; 2           ;
;                            ;             ;
; Average used               ; 1.00        ;
; Maximum used               ; 1           ;
;                            ;             ;
; Usage by Processor         ; % Time Used ;
;     Processor 1            ; 100.0%      ;
+----------------------------+-------------+


+------------------------------------------------------------------------------------------------------------------------------------+
; Analysis & Synthesis Source Files Read                                                                                             ;
+----------------------------------+-----------------+-----------------+---------------------------------------------------+---------+
; File Name with User-Entered Path ; Used in Netlist ; File Type       ; File Name with Absolute Path                      ; Library ;
+----------------------------------+-----------------+-----------------+---------------------------------------------------+---------+
; Titanic2.vhd                     ; yes             ; User VHDL File  ; C:/Users/Victor/Documents/Titanic2/Titanic2.vhd   ;         ;
; ROM16.vhd                        ; yes             ; User VHDL File  ; C:/Users/Victor/Documents/Titanic2/ROM16.vhd      ;         ;
; REGBANK16.vhd                    ; yes             ; User VHDL File  ; C:/Users/Victor/Documents/Titanic2/REGBANK16.vhd  ;         ;
; CONTROL16.vhd                    ; yes             ; User VHDL File  ; C:/Users/Victor/Documents/Titanic2/CONTROL16.vhd  ;         ;
; SOMA16BITS.vhd                   ; yes             ; User VHDL File  ; C:/Users/Victor/Documents/Titanic2/SOMA16BITS.vhd ;         ;
; PC.vhd                           ; yes             ; User VHDL File  ; C:/Users/Victor/Documents/Titanic2/PC.vhd         ;         ;
+----------------------------------+-----------------+-----------------+---------------------------------------------------+---------+


+--------------------------------------------------------------------------------+
; Analysis & Synthesis Resource Usage Summary                                    ;
+-----------------------------------------------+--------------------------------+
; Resource                                      ; Usage                          ;
+-----------------------------------------------+--------------------------------+
; Estimated ALUTs Used                          ; 0                              ;
;     -- Combinational ALUTs                    ; 0                              ;
;     -- Memory ALUTs                           ; 0                              ;
;     -- LUT_REGs                               ; 0                              ;
; Dedicated logic registers                     ; 0                              ;
;                                               ;                                ;
; Estimated ALUTs Unavailable                   ; 0                              ;
;     -- Due to unpartnered combinational logic ; 0                              ;
;     -- Due to Memory ALUTs                    ; 0                              ;
;                                               ;                                ;
; Total combinational functions                 ; 0                              ;
; Combinational ALUT usage by number of inputs  ;                                ;
;     -- 7 input functions                      ; 0                              ;
;     -- 6 input functions                      ; 0                              ;
;     -- 5 input functions                      ; 0                              ;
;     -- 4 input functions                      ; 0                              ;
;     -- <=3 input functions                    ; 0                              ;
;                                               ;                                ;
; Combinational ALUTs by mode                   ;                                ;
;     -- normal mode                            ; 0                              ;
;     -- extended LUT mode                      ; 0                              ;
;     -- arithmetic mode                        ; 0                              ;
;     -- shared arithmetic mode                 ; 0                              ;
;                                               ;                                ;
; Estimated ALUT/register pairs used            ; 0                              ;
;                                               ;                                ;
; Total registers                               ; 0                              ;
;     -- Dedicated logic registers              ; 0                              ;
;     -- I/O registers                          ; 0                              ;
;     -- LUT_REGs                               ; 0                              ;
;                                               ;                                ;
;                                               ;                                ;
; I/O pins                                      ; 95                             ;
;                                               ;                                ;
; DSP block 18-bit elements                     ; 0                              ;
;                                               ;                                ;
; Maximum fan-out node                          ; test_proxEnderecoOut[0]~output ;
; Maximum fan-out                               ; 1                              ;
; Total fan-out                                 ; 188                            ;
; Average fan-out                               ; 0.66                           ;
+-----------------------------------------------+--------------------------------+


+----------------------------------------------------------------------------------------------------------------------------------------------------------------------------------------------------------------------------------------+
; Analysis & Synthesis Resource Utilization by Entity                                                                                                                                                                                    ;
+----------------------------+---------------------+---------------------------+-------------------+--------------+---------+-----------+-----------+-----------+------+--------------+---------------------+-------------+--------------+
; Compilation Hierarchy Node ; Combinational ALUTs ; Dedicated Logic Registers ; Block Memory Bits ; DSP Elements ; DSP 9x9 ; DSP 12x12 ; DSP 18x18 ; DSP 36x36 ; Pins ; Virtual Pins ; Full Hierarchy Name ; Entity Name ; Library Name ;
+----------------------------+---------------------+---------------------------+-------------------+--------------+---------+-----------+-----------+-----------+------+--------------+---------------------+-------------+--------------+
; |Titanic2                  ; 0 (0)               ; 0 (0)                     ; 0                 ; 0            ; 0       ; 0         ; 0         ; 0         ; 95   ; 0            ; |Titanic2           ; Titanic2    ; work         ;
+----------------------------+---------------------+---------------------------+-------------------+--------------+---------+-----------+-----------+-----------+------+--------------+---------------------+-------------+--------------+
Note: For table entries with two numbers listed, the numbers in parentheses indicate the number of resources of the given type used by the specific entity alone. The numbers listed outside of parentheses indicate the total resources of the given type used by the specific entity and all of its sub-entities in the hierarchy.


+------------------------------------------------------------------------------------------------------+
; User-Specified and Inferred Latches                                                                  ;
+-------------------------------------------------------+---------------------+------------------------+
; Latch Name                                            ; Latch Enable Signal ; Free of Timing Hazards ;
+-------------------------------------------------------+---------------------+------------------------+
; CONTROL16:UNIDADE_DE_CONTROLE|DesvioCondicional$latch ; GND                 ; yes                    ;
; CONTROL16:UNIDADE_DE_CONTROLE|ula_opcode[0]$latch     ; GND                 ; yes                    ;
; CONTROL16:UNIDADE_DE_CONTROLE|ula_opcode[1]$latch     ; GND                 ; yes                    ;
; CONTROL16:UNIDADE_DE_CONTROLE|ula_opcode[2]$latch     ; GND                 ; yes                    ;
; CONTROL16:UNIDADE_DE_CONTROLE|ula_opcode[3]$latch     ; GND                 ; yes                    ;
; CONTROL16:UNIDADE_DE_CONTROLE|ula_opcode[4]$latch     ; GND                 ; yes                    ;
; CONTROL16:UNIDADE_DE_CONTROLE|ula_opcode[5]$latch     ; GND                 ; yes                    ;
; CONTROL16:UNIDADE_DE_CONTROLE|ula_opcode[6]$latch     ; GND                 ; yes                    ;
; CONTROL16:UNIDADE_DE_CONTROLE|ula_opcode[7]$latch     ; GND                 ; yes                    ;
; Number of user-specified and inferred latches = 9     ;                     ;                        ;
+-------------------------------------------------------+---------------------+------------------------+
Note: All latches listed above may not be present at the end of synthesis due to various synthesis optimizations.


+--------------------------------------------------------------------------------------+
; Registers Removed During Synthesis                                                   ;
+-----------------------------------------------+--------------------------------------+
; Register name                                 ; Reason for Removal                   ;
+-----------------------------------------------+--------------------------------------+
; REGBANK16:BANCO_DE_REGISTRADORES|ARRAYREG~21  ; Stuck at GND due to stuck port clock ;
; REGBANK16:BANCO_DE_REGISTRADORES|ARRAYREG~22  ; Stuck at GND due to stuck port clock ;
; REGBANK16:BANCO_DE_REGISTRADORES|ARRAYREG~23  ; Stuck at GND due to stuck port clock ;
; REGBANK16:BANCO_DE_REGISTRADORES|ARRAYREG~24  ; Stuck at GND due to stuck port clock ;
; REGBANK16:BANCO_DE_REGISTRADORES|ARRAYREG~25  ; Stuck at GND due to stuck port clock ;
; REGBANK16:BANCO_DE_REGISTRADORES|ARRAYREG~26  ; Stuck at GND due to stuck port clock ;
; REGBANK16:BANCO_DE_REGISTRADORES|ARRAYREG~27  ; Stuck at GND due to stuck port clock ;
; REGBANK16:BANCO_DE_REGISTRADORES|ARRAYREG~28  ; Stuck at GND due to stuck port clock ;
; REGBANK16:BANCO_DE_REGISTRADORES|ARRAYREG~29  ; Stuck at GND due to stuck port clock ;
; REGBANK16:BANCO_DE_REGISTRADORES|ARRAYREG~30  ; Stuck at GND due to stuck port clock ;
; REGBANK16:BANCO_DE_REGISTRADORES|ARRAYREG~31  ; Stuck at GND due to stuck port clock ;
; REGBANK16:BANCO_DE_REGISTRADORES|ARRAYREG~32  ; Stuck at GND due to stuck port clock ;
; REGBANK16:BANCO_DE_REGISTRADORES|ARRAYREG~33  ; Stuck at GND due to stuck port clock ;
; REGBANK16:BANCO_DE_REGISTRADORES|ARRAYREG~34  ; Stuck at GND due to stuck port clock ;
; REGBANK16:BANCO_DE_REGISTRADORES|ARRAYREG~35  ; Stuck at GND due to stuck port clock ;
; REGBANK16:BANCO_DE_REGISTRADORES|ARRAYREG~36  ; Stuck at GND due to stuck port clock ;
; REGBANK16:BANCO_DE_REGISTRADORES|ARRAYREG~37  ; Stuck at GND due to stuck port clock ;
; REGBANK16:BANCO_DE_REGISTRADORES|ARRAYREG~38  ; Stuck at GND due to stuck port clock ;
; REGBANK16:BANCO_DE_REGISTRADORES|ARRAYREG~39  ; Stuck at GND due to stuck port clock ;
; REGBANK16:BANCO_DE_REGISTRADORES|ARRAYREG~40  ; Stuck at GND due to stuck port clock ;
; REGBANK16:BANCO_DE_REGISTRADORES|ARRAYREG~41  ; Stuck at GND due to stuck port clock ;
; REGBANK16:BANCO_DE_REGISTRADORES|ARRAYREG~42  ; Stuck at GND due to stuck port clock ;
; REGBANK16:BANCO_DE_REGISTRADORES|ARRAYREG~43  ; Stuck at GND due to stuck port clock ;
; REGBANK16:BANCO_DE_REGISTRADORES|ARRAYREG~44  ; Stuck at GND due to stuck port clock ;
; REGBANK16:BANCO_DE_REGISTRADORES|ARRAYREG~45  ; Stuck at GND due to stuck port clock ;
; REGBANK16:BANCO_DE_REGISTRADORES|ARRAYREG~46  ; Stuck at GND due to stuck port clock ;
; REGBANK16:BANCO_DE_REGISTRADORES|ARRAYREG~47  ; Stuck at GND due to stuck port clock ;
; REGBANK16:BANCO_DE_REGISTRADORES|ARRAYREG~48  ; Stuck at GND due to stuck port clock ;
; REGBANK16:BANCO_DE_REGISTRADORES|ARRAYREG~49  ; Stuck at GND due to stuck port clock ;
; REGBANK16:BANCO_DE_REGISTRADORES|ARRAYREG~50  ; Stuck at GND due to stuck port clock ;
; REGBANK16:BANCO_DE_REGISTRADORES|ARRAYREG~51  ; Stuck at GND due to stuck port clock ;
; REGBANK16:BANCO_DE_REGISTRADORES|ARRAYREG~52  ; Stuck at GND due to stuck port clock ;
; REGBANK16:BANCO_DE_REGISTRADORES|ARRAYREG~53  ; Stuck at GND due to stuck port clock ;
; REGBANK16:BANCO_DE_REGISTRADORES|ARRAYREG~54  ; Stuck at GND due to stuck port clock ;
; REGBANK16:BANCO_DE_REGISTRADORES|ARRAYREG~55  ; Stuck at GND due to stuck port clock ;
; REGBANK16:BANCO_DE_REGISTRADORES|ARRAYREG~56  ; Stuck at GND due to stuck port clock ;
; REGBANK16:BANCO_DE_REGISTRADORES|ARRAYREG~57  ; Stuck at GND due to stuck port clock ;
; REGBANK16:BANCO_DE_REGISTRADORES|ARRAYREG~58  ; Stuck at GND due to stuck port clock ;
; REGBANK16:BANCO_DE_REGISTRADORES|ARRAYREG~59  ; Stuck at GND due to stuck port clock ;
; REGBANK16:BANCO_DE_REGISTRADORES|ARRAYREG~60  ; Stuck at GND due to stuck port clock ;
; REGBANK16:BANCO_DE_REGISTRADORES|ARRAYREG~61  ; Stuck at GND due to stuck port clock ;
; REGBANK16:BANCO_DE_REGISTRADORES|ARRAYREG~62  ; Stuck at GND due to stuck port clock ;
; REGBANK16:BANCO_DE_REGISTRADORES|ARRAYREG~63  ; Stuck at GND due to stuck port clock ;
; REGBANK16:BANCO_DE_REGISTRADORES|ARRAYREG~64  ; Stuck at GND due to stuck port clock ;
; REGBANK16:BANCO_DE_REGISTRADORES|ARRAYREG~65  ; Stuck at GND due to stuck port clock ;
; REGBANK16:BANCO_DE_REGISTRADORES|ARRAYREG~66  ; Stuck at GND due to stuck port clock ;
; REGBANK16:BANCO_DE_REGISTRADORES|ARRAYREG~67  ; Stuck at GND due to stuck port clock ;
; REGBANK16:BANCO_DE_REGISTRADORES|ARRAYREG~68  ; Stuck at GND due to stuck port clock ;
; REGBANK16:BANCO_DE_REGISTRADORES|ARRAYREG~69  ; Stuck at GND due to stuck port clock ;
; REGBANK16:BANCO_DE_REGISTRADORES|ARRAYREG~70  ; Stuck at GND due to stuck port clock ;
; REGBANK16:BANCO_DE_REGISTRADORES|ARRAYREG~71  ; Stuck at GND due to stuck port clock ;
; REGBANK16:BANCO_DE_REGISTRADORES|ARRAYREG~72  ; Stuck at GND due to stuck port clock ;
; REGBANK16:BANCO_DE_REGISTRADORES|ARRAYREG~73  ; Stuck at GND due to stuck port clock ;
; REGBANK16:BANCO_DE_REGISTRADORES|ARRAYREG~74  ; Stuck at GND due to stuck port clock ;
; REGBANK16:BANCO_DE_REGISTRADORES|ARRAYREG~75  ; Stuck at GND due to stuck port clock ;
; REGBANK16:BANCO_DE_REGISTRADORES|ARRAYREG~76  ; Stuck at GND due to stuck port clock ;
; REGBANK16:BANCO_DE_REGISTRADORES|ARRAYREG~77  ; Stuck at GND due to stuck port clock ;
; REGBANK16:BANCO_DE_REGISTRADORES|ARRAYREG~78  ; Stuck at GND due to stuck port clock ;
; REGBANK16:BANCO_DE_REGISTRADORES|ARRAYREG~79  ; Stuck at GND due to stuck port clock ;
; REGBANK16:BANCO_DE_REGISTRADORES|ARRAYREG~80  ; Stuck at GND due to stuck port clock ;
; REGBANK16:BANCO_DE_REGISTRADORES|ARRAYREG~81  ; Stuck at GND due to stuck port clock ;
; REGBANK16:BANCO_DE_REGISTRADORES|ARRAYREG~82  ; Stuck at GND due to stuck port clock ;
; REGBANK16:BANCO_DE_REGISTRADORES|ARRAYREG~83  ; Stuck at GND due to stuck port clock ;
; REGBANK16:BANCO_DE_REGISTRADORES|ARRAYREG~84  ; Stuck at GND due to stuck port clock ;
; REGBANK16:BANCO_DE_REGISTRADORES|ARRAYREG~85  ; Stuck at GND due to stuck port clock ;
; REGBANK16:BANCO_DE_REGISTRADORES|ARRAYREG~86  ; Stuck at GND due to stuck port clock ;
; REGBANK16:BANCO_DE_REGISTRADORES|ARRAYREG~87  ; Stuck at GND due to stuck port clock ;
; REGBANK16:BANCO_DE_REGISTRADORES|ARRAYREG~88  ; Stuck at GND due to stuck port clock ;
; REGBANK16:BANCO_DE_REGISTRADORES|ARRAYREG~89  ; Stuck at GND due to stuck port clock ;
; REGBANK16:BANCO_DE_REGISTRADORES|ARRAYREG~90  ; Stuck at GND due to stuck port clock ;
; REGBANK16:BANCO_DE_REGISTRADORES|ARRAYREG~91  ; Stuck at GND due to stuck port clock ;
; REGBANK16:BANCO_DE_REGISTRADORES|ARRAYREG~92  ; Stuck at GND due to stuck port clock ;
; REGBANK16:BANCO_DE_REGISTRADORES|ARRAYREG~93  ; Stuck at GND due to stuck port clock ;
; REGBANK16:BANCO_DE_REGISTRADORES|ARRAYREG~94  ; Stuck at GND due to stuck port clock ;
; REGBANK16:BANCO_DE_REGISTRADORES|ARRAYREG~95  ; Stuck at GND due to stuck port clock ;
; REGBANK16:BANCO_DE_REGISTRADORES|ARRAYREG~96  ; Stuck at GND due to stuck port clock ;
; REGBANK16:BANCO_DE_REGISTRADORES|ARRAYREG~97  ; Stuck at GND due to stuck port clock ;
; REGBANK16:BANCO_DE_REGISTRADORES|ARRAYREG~98  ; Stuck at GND due to stuck port clock ;
; REGBANK16:BANCO_DE_REGISTRADORES|ARRAYREG~99  ; Stuck at GND due to stuck port clock ;
; REGBANK16:BANCO_DE_REGISTRADORES|ARRAYREG~100 ; Stuck at GND due to stuck port clock ;
; REGBANK16:BANCO_DE_REGISTRADORES|ARRAYREG~101 ; Stuck at GND due to stuck port clock ;
; REGBANK16:BANCO_DE_REGISTRADORES|ARRAYREG~102 ; Stuck at GND due to stuck port clock ;
; REGBANK16:BANCO_DE_REGISTRADORES|ARRAYREG~103 ; Stuck at GND due to stuck port clock ;
; REGBANK16:BANCO_DE_REGISTRADORES|ARRAYREG~104 ; Stuck at GND due to stuck port clock ;
; REGBANK16:BANCO_DE_REGISTRADORES|ARRAYREG~105 ; Stuck at GND due to stuck port clock ;
; REGBANK16:BANCO_DE_REGISTRADORES|ARRAYREG~106 ; Stuck at GND due to stuck port clock ;
; REGBANK16:BANCO_DE_REGISTRADORES|ARRAYREG~107 ; Stuck at GND due to stuck port clock ;
; REGBANK16:BANCO_DE_REGISTRADORES|ARRAYREG~108 ; Stuck at GND due to stuck port clock ;
; REGBANK16:BANCO_DE_REGISTRADORES|ARRAYREG~109 ; Stuck at GND due to stuck port clock ;
; REGBANK16:BANCO_DE_REGISTRADORES|ARRAYREG~110 ; Stuck at GND due to stuck port clock ;
; REGBANK16:BANCO_DE_REGISTRADORES|ARRAYREG~111 ; Stuck at GND due to stuck port clock ;
; REGBANK16:BANCO_DE_REGISTRADORES|ARRAYREG~112 ; Stuck at GND due to stuck port clock ;
; REGBANK16:BANCO_DE_REGISTRADORES|ARRAYREG~113 ; Stuck at GND due to stuck port clock ;
; REGBANK16:BANCO_DE_REGISTRADORES|ARRAYREG~114 ; Stuck at GND due to stuck port clock ;
; REGBANK16:BANCO_DE_REGISTRADORES|ARRAYREG~115 ; Stuck at GND due to stuck port clock ;
; REGBANK16:BANCO_DE_REGISTRADORES|ARRAYREG~116 ; Stuck at GND due to stuck port clock ;
; REGBANK16:BANCO_DE_REGISTRADORES|ARRAYREG~117 ; Stuck at GND due to stuck port clock ;
; REGBANK16:BANCO_DE_REGISTRADORES|ARRAYREG~118 ; Stuck at GND due to stuck port clock ;
; REGBANK16:BANCO_DE_REGISTRADORES|ARRAYREG~119 ; Stuck at GND due to stuck port clock ;
; REGBANK16:BANCO_DE_REGISTRADORES|ARRAYREG~120 ; Stuck at GND due to stuck port clock ;
; REGBANK16:BANCO_DE_REGISTRADORES|ARRAYREG~121 ; Stuck at GND due to stuck port clock ;
; REGBANK16:BANCO_DE_REGISTRADORES|ARRAYREG~122 ; Stuck at GND due to stuck port clock ;
; REGBANK16:BANCO_DE_REGISTRADORES|ARRAYREG~123 ; Stuck at GND due to stuck port clock ;
; REGBANK16:BANCO_DE_REGISTRADORES|ARRAYREG~124 ; Stuck at GND due to stuck port clock ;
; REGBANK16:BANCO_DE_REGISTRADORES|ARRAYREG~125 ; Stuck at GND due to stuck port clock ;
; REGBANK16:BANCO_DE_REGISTRADORES|ARRAYREG~126 ; Stuck at GND due to stuck port clock ;
; REGBANK16:BANCO_DE_REGISTRADORES|ARRAYREG~127 ; Stuck at GND due to stuck port clock ;
; REGBANK16:BANCO_DE_REGISTRADORES|ARRAYREG~128 ; Stuck at GND due to stuck port clock ;
; REGBANK16:BANCO_DE_REGISTRADORES|ARRAYREG~129 ; Stuck at GND due to stuck port clock ;
; REGBANK16:BANCO_DE_REGISTRADORES|ARRAYREG~130 ; Stuck at GND due to stuck port clock ;
; REGBANK16:BANCO_DE_REGISTRADORES|ARRAYREG~131 ; Stuck at GND due to stuck port clock ;
; REGBANK16:BANCO_DE_REGISTRADORES|ARRAYREG~132 ; Stuck at GND due to stuck port clock ;
; REGBANK16:BANCO_DE_REGISTRADORES|ARRAYREG~133 ; Stuck at GND due to stuck port clock ;
; REGBANK16:BANCO_DE_REGISTRADORES|ARRAYREG~134 ; Stuck at GND due to stuck port clock ;
; REGBANK16:BANCO_DE_REGISTRADORES|ARRAYREG~135 ; Stuck at GND due to stuck port clock ;
; REGBANK16:BANCO_DE_REGISTRADORES|ARRAYREG~136 ; Stuck at GND due to stuck port clock ;
; REGBANK16:BANCO_DE_REGISTRADORES|ARRAYREG~137 ; Stuck at GND due to stuck port clock ;
; REGBANK16:BANCO_DE_REGISTRADORES|ARRAYREG~138 ; Stuck at GND due to stuck port clock ;
; REGBANK16:BANCO_DE_REGISTRADORES|ARRAYREG~139 ; Stuck at GND due to stuck port clock ;
; REGBANK16:BANCO_DE_REGISTRADORES|ARRAYREG~140 ; Stuck at GND due to stuck port clock ;
; REGBANK16:BANCO_DE_REGISTRADORES|ARRAYREG~141 ; Stuck at GND due to stuck port clock ;
; REGBANK16:BANCO_DE_REGISTRADORES|ARRAYREG~142 ; Stuck at GND due to stuck port clock ;
; REGBANK16:BANCO_DE_REGISTRADORES|ARRAYREG~143 ; Stuck at GND due to stuck port clock ;
; REGBANK16:BANCO_DE_REGISTRADORES|ARRAYREG~144 ; Stuck at GND due to stuck port clock ;
; REGBANK16:BANCO_DE_REGISTRADORES|ARRAYREG~145 ; Stuck at GND due to stuck port clock ;
; REGBANK16:BANCO_DE_REGISTRADORES|ARRAYREG~146 ; Stuck at GND due to stuck port clock ;
; REGBANK16:BANCO_DE_REGISTRADORES|ARRAYREG~147 ; Stuck at GND due to stuck port clock ;
; REGBANK16:BANCO_DE_REGISTRADORES|ARRAYREG~148 ; Stuck at GND due to stuck port clock ;
; REGBANK16:BANCO_DE_REGISTRADORES|ARRAYREG~149 ; Stuck at GND due to stuck port clock ;
; REGBANK16:BANCO_DE_REGISTRADORES|ARRAYREG~150 ; Stuck at GND due to stuck port clock ;
; REGBANK16:BANCO_DE_REGISTRADORES|ARRAYREG~151 ; Stuck at GND due to stuck port clock ;
; REGBANK16:BANCO_DE_REGISTRADORES|ARRAYREG~152 ; Stuck at GND due to stuck port clock ;
; REGBANK16:BANCO_DE_REGISTRADORES|ARRAYREG~153 ; Stuck at GND due to stuck port clock ;
; REGBANK16:BANCO_DE_REGISTRADORES|ARRAYREG~154 ; Stuck at GND due to stuck port clock ;
; REGBANK16:BANCO_DE_REGISTRADORES|ARRAYREG~155 ; Stuck at GND due to stuck port clock ;
; REGBANK16:BANCO_DE_REGISTRADORES|ARRAYREG~156 ; Stuck at GND due to stuck port clock ;
; REGBANK16:BANCO_DE_REGISTRADORES|ARRAYREG~157 ; Stuck at GND due to stuck port clock ;
; REGBANK16:BANCO_DE_REGISTRADORES|ARRAYREG~158 ; Stuck at GND due to stuck port clock ;
; REGBANK16:BANCO_DE_REGISTRADORES|ARRAYREG~159 ; Stuck at GND due to stuck port clock ;
; REGBANK16:BANCO_DE_REGISTRADORES|ARRAYREG~160 ; Stuck at GND due to stuck port clock ;
; REGBANK16:BANCO_DE_REGISTRADORES|ARRAYREG~161 ; Stuck at GND due to stuck port clock ;
; REGBANK16:BANCO_DE_REGISTRADORES|ARRAYREG~162 ; Stuck at GND due to stuck port clock ;
; REGBANK16:BANCO_DE_REGISTRADORES|ARRAYREG~163 ; Stuck at GND due to stuck port clock ;
; REGBANK16:BANCO_DE_REGISTRADORES|ARRAYREG~164 ; Stuck at GND due to stuck port clock ;
; REGBANK16:BANCO_DE_REGISTRADORES|ARRAYREG~165 ; Stuck at GND due to stuck port clock ;
; REGBANK16:BANCO_DE_REGISTRADORES|ARRAYREG~166 ; Stuck at GND due to stuck port clock ;
; REGBANK16:BANCO_DE_REGISTRADORES|ARRAYREG~167 ; Stuck at GND due to stuck port clock ;
; REGBANK16:BANCO_DE_REGISTRADORES|ARRAYREG~168 ; Stuck at GND due to stuck port clock ;
; REGBANK16:BANCO_DE_REGISTRADORES|ARRAYREG~169 ; Stuck at GND due to stuck port clock ;
; REGBANK16:BANCO_DE_REGISTRADORES|ARRAYREG~170 ; Stuck at GND due to stuck port clock ;
; REGBANK16:BANCO_DE_REGISTRADORES|ARRAYREG~171 ; Stuck at GND due to stuck port clock ;
; REGBANK16:BANCO_DE_REGISTRADORES|ARRAYREG~172 ; Stuck at GND due to stuck port clock ;
; REGBANK16:BANCO_DE_REGISTRADORES|ARRAYREG~173 ; Stuck at GND due to stuck port clock ;
; REGBANK16:BANCO_DE_REGISTRADORES|ARRAYREG~174 ; Stuck at GND due to stuck port clock ;
; REGBANK16:BANCO_DE_REGISTRADORES|ARRAYREG~175 ; Stuck at GND due to stuck port clock ;
; REGBANK16:BANCO_DE_REGISTRADORES|ARRAYREG~176 ; Stuck at GND due to stuck port clock ;
; REGBANK16:BANCO_DE_REGISTRADORES|ARRAYREG~177 ; Stuck at GND due to stuck port clock ;
; REGBANK16:BANCO_DE_REGISTRADORES|ARRAYREG~178 ; Stuck at GND due to stuck port clock ;
; REGBANK16:BANCO_DE_REGISTRADORES|ARRAYREG~179 ; Stuck at GND due to stuck port clock ;
; REGBANK16:BANCO_DE_REGISTRADORES|ARRAYREG~180 ; Stuck at GND due to stuck port clock ;
; REGBANK16:BANCO_DE_REGISTRADORES|ARRAYREG~181 ; Stuck at GND due to stuck port clock ;
; REGBANK16:BANCO_DE_REGISTRADORES|ARRAYREG~182 ; Stuck at GND due to stuck port clock ;
; REGBANK16:BANCO_DE_REGISTRADORES|ARRAYREG~183 ; Stuck at GND due to stuck port clock ;
; REGBANK16:BANCO_DE_REGISTRADORES|ARRAYREG~184 ; Stuck at GND due to stuck port clock ;
; REGBANK16:BANCO_DE_REGISTRADORES|ARRAYREG~185 ; Stuck at GND due to stuck port clock ;
; REGBANK16:BANCO_DE_REGISTRADORES|ARRAYREG~186 ; Stuck at GND due to stuck port clock ;
; REGBANK16:BANCO_DE_REGISTRADORES|ARRAYREG~187 ; Stuck at GND due to stuck port clock ;
; REGBANK16:BANCO_DE_REGISTRADORES|ARRAYREG~188 ; Stuck at GND due to stuck port clock ;
; REGBANK16:BANCO_DE_REGISTRADORES|ARRAYREG~189 ; Stuck at GND due to stuck port clock ;
; REGBANK16:BANCO_DE_REGISTRADORES|ARRAYREG~190 ; Stuck at GND due to stuck port clock ;
; REGBANK16:BANCO_DE_REGISTRADORES|ARRAYREG~191 ; Stuck at GND due to stuck port clock ;
; REGBANK16:BANCO_DE_REGISTRADORES|ARRAYREG~192 ; Stuck at GND due to stuck port clock ;
; REGBANK16:BANCO_DE_REGISTRADORES|ARRAYREG~193 ; Stuck at GND due to stuck port clock ;
; REGBANK16:BANCO_DE_REGISTRADORES|ARRAYREG~194 ; Stuck at GND due to stuck port clock ;
; REGBANK16:BANCO_DE_REGISTRADORES|ARRAYREG~195 ; Stuck at GND due to stuck port clock ;
; REGBANK16:BANCO_DE_REGISTRADORES|ARRAYREG~196 ; Stuck at GND due to stuck port clock ;
; REGBANK16:BANCO_DE_REGISTRADORES|ARRAYREG~197 ; Stuck at GND due to stuck port clock ;
; REGBANK16:BANCO_DE_REGISTRADORES|ARRAYREG~198 ; Stuck at GND due to stuck port clock ;
; REGBANK16:BANCO_DE_REGISTRADORES|ARRAYREG~199 ; Stuck at GND due to stuck port clock ;
; REGBANK16:BANCO_DE_REGISTRADORES|ARRAYREG~200 ; Stuck at GND due to stuck port clock ;
; REGBANK16:BANCO_DE_REGISTRADORES|ARRAYREG~201 ; Stuck at GND due to stuck port clock ;
; REGBANK16:BANCO_DE_REGISTRADORES|ARRAYREG~202 ; Stuck at GND due to stuck port clock ;
; REGBANK16:BANCO_DE_REGISTRADORES|ARRAYREG~203 ; Stuck at GND due to stuck port clock ;
; REGBANK16:BANCO_DE_REGISTRADORES|ARRAYREG~204 ; Stuck at GND due to stuck port clock ;
; REGBANK16:BANCO_DE_REGISTRADORES|ARRAYREG~205 ; Stuck at GND due to stuck port clock ;
; REGBANK16:BANCO_DE_REGISTRADORES|ARRAYREG~206 ; Stuck at GND due to stuck port clock ;
; REGBANK16:BANCO_DE_REGISTRADORES|ARRAYREG~207 ; Stuck at GND due to stuck port clock ;
; REGBANK16:BANCO_DE_REGISTRADORES|ARRAYREG~208 ; Stuck at GND due to stuck port clock ;
; REGBANK16:BANCO_DE_REGISTRADORES|ARRAYREG~209 ; Stuck at GND due to stuck port clock ;
; REGBANK16:BANCO_DE_REGISTRADORES|ARRAYREG~210 ; Stuck at GND due to stuck port clock ;
; REGBANK16:BANCO_DE_REGISTRADORES|ARRAYREG~211 ; Stuck at GND due to stuck port clock ;
; REGBANK16:BANCO_DE_REGISTRADORES|ARRAYREG~212 ; Stuck at GND due to stuck port clock ;
; REGBANK16:BANCO_DE_REGISTRADORES|ARRAYREG~213 ; Stuck at GND due to stuck port clock ;
; REGBANK16:BANCO_DE_REGISTRADORES|ARRAYREG~214 ; Stuck at GND due to stuck port clock ;
; REGBANK16:BANCO_DE_REGISTRADORES|ARRAYREG~215 ; Stuck at GND due to stuck port clock ;
; REGBANK16:BANCO_DE_REGISTRADORES|ARRAYREG~216 ; Stuck at GND due to stuck port clock ;
; REGBANK16:BANCO_DE_REGISTRADORES|ARRAYREG~217 ; Stuck at GND due to stuck port clock ;
; REGBANK16:BANCO_DE_REGISTRADORES|ARRAYREG~218 ; Stuck at GND due to stuck port clock ;
; REGBANK16:BANCO_DE_REGISTRADORES|ARRAYREG~219 ; Stuck at GND due to stuck port clock ;
; REGBANK16:BANCO_DE_REGISTRADORES|ARRAYREG~220 ; Stuck at GND due to stuck port clock ;
; REGBANK16:BANCO_DE_REGISTRADORES|ARRAYREG~221 ; Stuck at GND due to stuck port clock ;
; REGBANK16:BANCO_DE_REGISTRADORES|ARRAYREG~222 ; Stuck at GND due to stuck port clock ;
; REGBANK16:BANCO_DE_REGISTRADORES|ARRAYREG~223 ; Stuck at GND due to stuck port clock ;
; REGBANK16:BANCO_DE_REGISTRADORES|ARRAYREG~224 ; Stuck at GND due to stuck port clock ;
; REGBANK16:BANCO_DE_REGISTRADORES|ARRAYREG~225 ; Stuck at GND due to stuck port clock ;
; REGBANK16:BANCO_DE_REGISTRADORES|ARRAYREG~226 ; Stuck at GND due to stuck port clock ;
; REGBANK16:BANCO_DE_REGISTRADORES|ARRAYREG~227 ; Stuck at GND due to stuck port clock ;
; REGBANK16:BANCO_DE_REGISTRADORES|ARRAYREG~228 ; Stuck at GND due to stuck port clock ;
; REGBANK16:BANCO_DE_REGISTRADORES|ARRAYREG~229 ; Stuck at GND due to stuck port clock ;
; REGBANK16:BANCO_DE_REGISTRADORES|ARRAYREG~230 ; Stuck at GND due to stuck port clock ;
; REGBANK16:BANCO_DE_REGISTRADORES|ARRAYREG~231 ; Stuck at GND due to stuck port clock ;
; REGBANK16:BANCO_DE_REGISTRADORES|ARRAYREG~232 ; Stuck at GND due to stuck port clock ;
; REGBANK16:BANCO_DE_REGISTRADORES|ARRAYREG~233 ; Stuck at GND due to stuck port clock ;
; REGBANK16:BANCO_DE_REGISTRADORES|ARRAYREG~234 ; Stuck at GND due to stuck port clock ;
; REGBANK16:BANCO_DE_REGISTRADORES|ARRAYREG~235 ; Stuck at GND due to stuck port clock ;
; REGBANK16:BANCO_DE_REGISTRADORES|ARRAYREG~236 ; Stuck at GND due to stuck port clock ;
; REGBANK16:BANCO_DE_REGISTRADORES|ARRAYREG~237 ; Stuck at GND due to stuck port clock ;
; REGBANK16:BANCO_DE_REGISTRADORES|ARRAYREG~238 ; Stuck at GND due to stuck port clock ;
; REGBANK16:BANCO_DE_REGISTRADORES|ARRAYREG~239 ; Stuck at GND due to stuck port clock ;
; REGBANK16:BANCO_DE_REGISTRADORES|ARRAYREG~240 ; Stuck at GND due to stuck port clock ;
; REGBANK16:BANCO_DE_REGISTRADORES|ARRAYREG~241 ; Stuck at GND due to stuck port clock ;
; REGBANK16:BANCO_DE_REGISTRADORES|ARRAYREG~242 ; Stuck at GND due to stuck port clock ;
; REGBANK16:BANCO_DE_REGISTRADORES|ARRAYREG~243 ; Stuck at GND due to stuck port clock ;
; REGBANK16:BANCO_DE_REGISTRADORES|ARRAYREG~244 ; Stuck at GND due to stuck port clock ;
; REGBANK16:BANCO_DE_REGISTRADORES|ARRAYREG~245 ; Stuck at GND due to stuck port clock ;
; REGBANK16:BANCO_DE_REGISTRADORES|ARRAYREG~246 ; Stuck at GND due to stuck port clock ;
; REGBANK16:BANCO_DE_REGISTRADORES|ARRAYREG~247 ; Stuck at GND due to stuck port clock ;
; REGBANK16:BANCO_DE_REGISTRADORES|ARRAYREG~248 ; Stuck at GND due to stuck port clock ;
; REGBANK16:BANCO_DE_REGISTRADORES|ARRAYREG~249 ; Stuck at GND due to stuck port clock ;
; REGBANK16:BANCO_DE_REGISTRADORES|ARRAYREG~250 ; Stuck at GND due to stuck port clock ;
; REGBANK16:BANCO_DE_REGISTRADORES|ARRAYREG~251 ; Stuck at GND due to stuck port clock ;
; REGBANK16:BANCO_DE_REGISTRADORES|ARRAYREG~252 ; Stuck at GND due to stuck port clock ;
; REGBANK16:BANCO_DE_REGISTRADORES|ARRAYREG~253 ; Stuck at GND due to stuck port clock ;
; REGBANK16:BANCO_DE_REGISTRADORES|ARRAYREG~254 ; Stuck at GND due to stuck port clock ;
; REGBANK16:BANCO_DE_REGISTRADORES|ARRAYREG~255 ; Stuck at GND due to stuck port clock ;
; REGBANK16:BANCO_DE_REGISTRADORES|ARRAYREG~256 ; Stuck at GND due to stuck port clock ;
; REGBANK16:BANCO_DE_REGISTRADORES|ARRAYREG~257 ; Stuck at GND due to stuck port clock ;
; REGBANK16:BANCO_DE_REGISTRADORES|ARRAYREG~258 ; Stuck at GND due to stuck port clock ;
; REGBANK16:BANCO_DE_REGISTRADORES|ARRAYREG~259 ; Stuck at GND due to stuck port clock ;
; REGBANK16:BANCO_DE_REGISTRADORES|ARRAYREG~260 ; Stuck at GND due to stuck port clock ;
; REGBANK16:BANCO_DE_REGISTRADORES|ARRAYREG~261 ; Stuck at GND due to stuck port clock ;
; REGBANK16:BANCO_DE_REGISTRADORES|ARRAYREG~262 ; Stuck at GND due to stuck port clock ;
; REGBANK16:BANCO_DE_REGISTRADORES|ARRAYREG~263 ; Stuck at GND due to stuck port clock ;
; REGBANK16:BANCO_DE_REGISTRADORES|ARRAYREG~264 ; Stuck at GND due to stuck port clock ;
; REGBANK16:BANCO_DE_REGISTRADORES|ARRAYREG~265 ; Stuck at GND due to stuck port clock ;
; REGBANK16:BANCO_DE_REGISTRADORES|ARRAYREG~266 ; Stuck at GND due to stuck port clock ;
; REGBANK16:BANCO_DE_REGISTRADORES|ARRAYREG~267 ; Stuck at GND due to stuck port clock ;
; REGBANK16:BANCO_DE_REGISTRADORES|ARRAYREG~268 ; Stuck at GND due to stuck port clock ;
; REGBANK16:BANCO_DE_REGISTRADORES|ARRAYREG~269 ; Stuck at GND due to stuck port clock ;
; REGBANK16:BANCO_DE_REGISTRADORES|ARRAYREG~270 ; Stuck at GND due to stuck port clock ;
; REGBANK16:BANCO_DE_REGISTRADORES|ARRAYREG~271 ; Stuck at GND due to stuck port clock ;
; REGBANK16:BANCO_DE_REGISTRADORES|ARRAYREG~272 ; Stuck at GND due to stuck port clock ;
; REGBANK16:BANCO_DE_REGISTRADORES|ARRAYREG~273 ; Stuck at GND due to stuck port clock ;
; REGBANK16:BANCO_DE_REGISTRADORES|ARRAYREG~274 ; Stuck at GND due to stuck port clock ;
; REGBANK16:BANCO_DE_REGISTRADORES|ARRAYREG~275 ; Stuck at GND due to stuck port clock ;
; REGBANK16:BANCO_DE_REGISTRADORES|ARRAYREG~276 ; Stuck at GND due to stuck port clock ;
; Total Number of Removed Registers = 256       ;                                      ;
+-----------------------------------------------+--------------------------------------+


+------------------------------------------------------+
; General Register Statistics                          ;
+----------------------------------------------+-------+
; Statistic                                    ; Value ;
+----------------------------------------------+-------+
; Total registers                              ; 0     ;
; Number of registers using Synchronous Clear  ; 0     ;
; Number of registers using Synchronous Load   ; 0     ;
; Number of registers using Asynchronous Clear ; 0     ;
; Number of registers using Asynchronous Load  ; 0     ;
; Number of registers using Clock Enable       ; 0     ;
; Number of registers using Preset             ; 0     ;
+----------------------------------------------+-------+


+-------------------------------------------------------------------------------------------------------------------------------------------------------------------------+
; Multiplexer Restructuring Statistics (Restructuring Performed)                                                                                                          ;
+--------------------+-----------+---------------+----------------------+------------------------+------------+-----------------------------------------------------------+
; Multiplexer Inputs ; Bus Width ; Baseline Area ; Area if Restructured ; Saving if Restructured ; Registered ; Example Multiplexer Output                                ;
+--------------------+-----------+---------------+----------------------+------------------------+------------+-----------------------------------------------------------+
; 5:1                ; 2 bits    ; 6 ALUTs       ; 6 ALUTs              ; 0 ALUTs                ; No         ; |Titanic2|CONTROL16:UNIDADE_DE_CONTROLE|ula_opcode[3]     ;
; 6:1                ; 2 bits    ; 8 ALUTs       ; 8 ALUTs              ; 0 ALUTs                ; No         ; |Titanic2|CONTROL16:UNIDADE_DE_CONTROLE|ula_opcode[0]     ;
; 8:1                ; 2 bits    ; 10 ALUTs      ; 10 ALUTs             ; 0 ALUTs                ; No         ; |Titanic2|CONTROL16:UNIDADE_DE_CONTROLE|DesvioCondicional ;
+--------------------+-----------+---------------+----------------------+------------------------+------------+-----------------------------------------------------------+


+--------------------------------------------------------------+
; Port Connectivity Checks: "REGBANK16:BANCO_DE_REGISTRADORES" ;
+-------------------+-------+----------+-----------------------+
; Port              ; Type  ; Severity ; Details               ;
+-------------------+-------+----------+-----------------------+
; writedata[15..14] ; Input ; Info     ; Stuck at VCC          ;
; writedata[13..0]  ; Input ; Info     ; Stuck at GND          ;
; regwrite          ; Input ; Info     ; Stuck at GND          ;
+-------------------+-------+----------+-----------------------+


+-----------------------------------------------------------+
; Port Connectivity Checks: "CONTROL16:UNIDADE_DE_CONTROLE" ;
+------+-------+----------+---------------------------------+
; Port ; Type  ; Severity ; Details                         ;
+------+-------+----------+---------------------------------+
; clk  ; Input ; Info     ; Stuck at VCC                    ;
+------+-------+----------+---------------------------------+


+---------------------------------------------+
; Port Connectivity Checks: "SOMA16BITS:SUM0" ;
+----------+-------+----------+---------------+
; Port     ; Type  ; Severity ; Details       ;
+----------+-------+----------+---------------+
; b[15..2] ; Input ; Info     ; Stuck at GND  ;
; b[1]     ; Input ; Info     ; Stuck at VCC  ;
; b[0]     ; Input ; Info     ; Stuck at GND  ;
+----------+-------+----------+---------------+


+--------------------------------------------+
; Port Connectivity Checks: "PC:PC0"         ;
+----------+-------+----------+--------------+
; Port     ; Type  ; Severity ; Details      ;
+----------+-------+----------+--------------+
; a[15..1] ; Input ; Info     ; Stuck at GND ;
; a[0]     ; Input ; Info     ; Stuck at VCC ;
+----------+-------+----------+--------------+


+-----------------------------------------------------+
; Post-Synthesis Netlist Statistics for Top Partition ;
+-------------------+---------------------------------+
; Type              ; Count                           ;
+-------------------+---------------------------------+
; arriaii_io_obuf   ; 93                              ;
; boundary_port     ; 95                              ;
;                   ;                                 ;
; Max LUT depth     ; 0.00                            ;
; Average LUT depth ; 0.00                            ;
+-------------------+---------------------------------+


+-------------------------------+
; Elapsed Time Per Partition    ;
+----------------+--------------+
; Partition Name ; Elapsed Time ;
+----------------+--------------+
; Top            ; 00:00:00     ;
+----------------+--------------+


+-------------------------------+
; Analysis & Synthesis Messages ;
+-------------------------------+
Info: *******************************************************************
Info: Running Quartus Prime Analysis & Synthesis
    Info: Version 17.0.0 Build 595 04/25/2017 SJ Lite Edition
    Info: Processing started: Tue Dec 04 18:09:09 2018
Info: Command: quartus_map --read_settings_files=on --write_settings_files=off Titanic2 -c Titanic2
Warning (18236): Number of processors has not been specified which may cause overloading on shared machines.  Set the global assignment NUM_PARALLEL_PROCESSORS in your QSF to an appropriate value for best performance.
Info (20030): Parallel compilation is enabled and will use 2 of the 2 processors detected
Info (12021): Found 2 design units, including 1 entities, in source file titanic2.vhd
    Info (12022): Found design unit 1: Titanic2-BEHAVIOUR File: C:/Users/Victor/Documents/Titanic2/Titanic2.vhd Line: 19
    Info (12023): Found entity 1: Titanic2 File: C:/Users/Victor/Documents/Titanic2/Titanic2.vhd Line: 4
Info (12021): Found 2 design units, including 1 entities, in source file rom16.vhd
    Info (12022): Found design unit 1: ROM16-ROM_BH File: C:/Users/Victor/Documents/Titanic2/ROM16.vhd Line: 13
    Info (12023): Found entity 1: ROM16 File: C:/Users/Victor/Documents/Titanic2/ROM16.vhd Line: 6
Info (12021): Found 2 design units, including 1 entities, in source file regbank16.vhd
    Info (12022): Found design unit 1: REGBANK16-REGBANK16_BH File: C:/Users/Victor/Documents/Titanic2/REGBANK16.vhd Line: 18
    Info (12023): Found entity 1: REGBANK16 File: C:/Users/Victor/Documents/Titanic2/REGBANK16.vhd Line: 6
Info (12021): Found 2 design units, including 1 entities, in source file control16.vhd
    Info (12022): Found design unit 1: CONTROL16-CONTROL16_BH File: C:/Users/Victor/Documents/Titanic2/CONTROL16.vhd Line: 23
    Info (12023): Found entity 1: CONTROL16 File: C:/Users/Victor/Documents/Titanic2/CONTROL16.vhd Line: 8
Info (12021): Found 2 design units, including 1 entities, in source file ram16.vhd
    Info (12022): Found design unit 1: RAM16-RAM_BH File: C:/Users/Victor/Documents/Titanic2/RAM16.vhd Line: 15
    Info (12023): Found entity 1: RAM16 File: C:/Users/Victor/Documents/Titanic2/RAM16.vhd Line: 5
Info (12021): Found 2 design units, including 1 entities, in source file multiplexer_4op.vhd
    Info (12022): Found design unit 1: multiplexer_4op-implements File: C:/Users/Victor/Documents/Titanic2/multiplexer_4op.vhd Line: 13
    Info (12023): Found entity 1: multiplexer_4op File: C:/Users/Victor/Documents/Titanic2/multiplexer_4op.vhd Line: 4
Info (12021): Found 2 design units, including 1 entities, in source file multiplexer_5pos.vhd
    Info (12022): Found design unit 1: Multiplexer_5pos-implements File: C:/Users/Victor/Documents/Titanic2/Multiplexer_5pos.vhd Line: 14
    Info (12023): Found entity 1: Multiplexer_5pos File: C:/Users/Victor/Documents/Titanic2/Multiplexer_5pos.vhd Line: 4
Info (12021): Found 2 design units, including 1 entities, in source file qand.vhd
    Info (12022): Found design unit 1: Qand-implements File: C:/Users/Victor/Documents/Titanic2/Qand.vhd Line: 12
    Info (12023): Found entity 1: Qand File: C:/Users/Victor/Documents/Titanic2/Qand.vhd Line: 4
Info (12021): Found 2 design units, including 1 entities, in source file qor.vhd
    Info (12022): Found design unit 1: Qor-implements File: C:/Users/Victor/Documents/Titanic2/Qor.vhd Line: 14
    Info (12023): Found entity 1: Qor File: C:/Users/Victor/Documents/Titanic2/Qor.vhd Line: 4
Info (12021): Found 2 design units, including 1 entities, in source file qxor.vhd
    Info (12022): Found design unit 1: Qxor-implements File: C:/Users/Victor/Documents/Titanic2/Qxor.vhd Line: 13
    Info (12023): Found entity 1: Qxor File: C:/Users/Victor/Documents/Titanic2/Qxor.vhd Line: 4
Info (12021): Found 2 design units, including 1 entities, in source file shift_2bits.vhd
    Info (12022): Found design unit 1: Shift_2bits-implements File: C:/Users/Victor/Documents/Titanic2/Shift_2bits.vhd Line: 13
    Info (12023): Found entity 1: Shift_2bits File: C:/Users/Victor/Documents/Titanic2/Shift_2bits.vhd Line: 4
Info (12021): Found 2 design units, including 1 entities, in source file soma16bits.vhd
    Info (12022): Found design unit 1: SOMA16BITS-adder_bh File: C:/Users/Victor/Documents/Titanic2/SOMA16BITS.vhd Line: 14
    Info (12023): Found entity 1: SOMA16BITS File: C:/Users/Victor/Documents/Titanic2/SOMA16BITS.vhd Line: 7
Info (12021): Found 2 design units, including 1 entities, in source file ula.vhd
    Info (12022): Found design unit 1: Ula-implements File: C:/Users/Victor/Documents/Titanic2/Ula.vhd Line: 15
    Info (12023): Found entity 1: Ula File: C:/Users/Victor/Documents/Titanic2/Ula.vhd Line: 4
Info (12021): Found 2 design units, including 1 entities, in source file pc.vhd
    Info (12022): Found design unit 1: PC-adder_bh File: C:/Users/Victor/Documents/Titanic2/PC.vhd Line: 11
    Info (12023): Found entity 1: PC File: C:/Users/Victor/Documents/Titanic2/PC.vhd Line: 4
Info (12021): Found 2 design units, including 1 entities, in source file brancheq.vhd
    Info (12022): Found design unit 1: BranchEq-adder_bh File: C:/Users/Victor/Documents/Titanic2/BranchEq.vhd Line: 16
    Info (12023): Found entity 1: BranchEq File: C:/Users/Victor/Documents/Titanic2/BranchEq.vhd Line: 5
Info (12021): Found 2 design units, including 1 entities, in source file mux1.vhd
    Info (12022): Found design unit 1: mux1-implements File: C:/Users/Victor/Documents/Titanic2/mux1.vhd Line: 13
    Info (12023): Found entity 1: mux1 File: C:/Users/Victor/Documents/Titanic2/mux1.vhd Line: 4
Info (12021): Found 2 design units, including 1 entities, in source file extensor.vhd
    Info (12022): Found design unit 1: extensor-implements File: C:/Users/Victor/Documents/Titanic2/extensor.vhd Line: 12
    Info (12023): Found entity 1: extensor File: C:/Users/Victor/Documents/Titanic2/extensor.vhd Line: 4
Info (12021): Found 2 design units, including 1 entities, in source file and_1.vhd
    Info (12022): Found design unit 1: AND_1-implements File: C:/Users/Victor/Documents/Titanic2/AND_1.vhd Line: 12
    Info (12023): Found entity 1: AND_1 File: C:/Users/Victor/Documents/Titanic2/AND_1.vhd Line: 4
Info (12021): Found 2 design units, including 1 entities, in source file zero.vhd
    Info (12022): Found design unit 1: zero-implements File: C:/Users/Victor/Documents/Titanic2/zero.vhd Line: 13
    Info (12023): Found entity 1: zero File: C:/Users/Victor/Documents/Titanic2/zero.vhd Line: 4
Info (12021): Found 2 design units, including 1 entities, in source file multiplica.vhd
    Info (12022): Found design unit 1: multiplica-implements File: C:/Users/Victor/Documents/Titanic2/multiplica.vhd Line: 16
    Info (12023): Found entity 1: multiplica File: C:/Users/Victor/Documents/Titanic2/multiplica.vhd Line: 7
Info (12021): Found 2 design units, including 1 entities, in source file deslocamento2bits.vhd
    Info (12022): Found design unit 1: deslocamento2bits-implements File: C:/Users/Victor/Documents/Titanic2/deslocamento2bits.vhd Line: 12
    Info (12023): Found entity 1: deslocamento2bits File: C:/Users/Victor/Documents/Titanic2/deslocamento2bits.vhd Line: 4
Info (12127): Elaborating entity "Titanic2" for the top level hierarchy
Info (12128): Elaborating entity "PC" for hierarchy "PC:PC0" File: C:/Users/Victor/Documents/Titanic2/Titanic2.vhd Line: 227
Info (12128): Elaborating entity "SOMA16BITS" for hierarchy "SOMA16BITS:SUM0" File: C:/Users/Victor/Documents/Titanic2/Titanic2.vhd Line: 229
Info (12128): Elaborating entity "ROM16" for hierarchy "ROM16:MEMORIA_DE_INSTRUCOES" File: C:/Users/Victor/Documents/Titanic2/Titanic2.vhd Line: 231
Info (12128): Elaborating entity "CONTROL16" for hierarchy "CONTROL16:UNIDADE_DE_CONTROLE" File: C:/Users/Victor/Documents/Titanic2/Titanic2.vhd Line: 233
Warning (10631): VHDL Process Statement warning at CONTROL16.vhd(26): inferring latch(es) for signal or variable "DesvioCondicional", which holds its previous value in one or more paths through the process File: C:/Users/Victor/Documents/Titanic2/CONTROL16.vhd Line: 26
Warning (10631): VHDL Process Statement warning at CONTROL16.vhd(26): inferring latch(es) for signal or variable "MemParaReg", which holds its previous value in one or more paths through the process File: C:/Users/Victor/Documents/Titanic2/CONTROL16.vhd Line: 26
Warning (10631): VHDL Process Statement warning at CONTROL16.vhd(26): inferring latch(es) for signal or variable "ula_opcode", which holds its previous value in one or more paths through the process File: C:/Users/Victor/Documents/Titanic2/CONTROL16.vhd Line: 26
Warning (10631): VHDL Process Statement warning at CONTROL16.vhd(26): inferring latch(es) for signal or variable "EscReg", which holds its previous value in one or more paths through the process File: C:/Users/Victor/Documents/Titanic2/CONTROL16.vhd Line: 26
Warning (10631): VHDL Process Statement warning at CONTROL16.vhd(26): inferring latch(es) for signal or variable "read_or_write", which holds its previous value in one or more paths through the process File: C:/Users/Victor/Documents/Titanic2/CONTROL16.vhd Line: 26
Warning (10631): VHDL Process Statement warning at CONTROL16.vhd(26): inferring latch(es) for signal or variable "ulaFont", which holds its previous value in one or more paths through the process File: C:/Users/Victor/Documents/Titanic2/CONTROL16.vhd Line: 26
Info (10041): Inferred latch for "ulaFont" at CONTROL16.vhd(26) File: C:/Users/Victor/Documents/Titanic2/CONTROL16.vhd Line: 26
Info (10041): Inferred latch for "read_or_write" at CONTROL16.vhd(26) File: C:/Users/Victor/Documents/Titanic2/CONTROL16.vhd Line: 26
Info (10041): Inferred latch for "EscReg" at CONTROL16.vhd(26) File: C:/Users/Victor/Documents/Titanic2/CONTROL16.vhd Line: 26
Info (10041): Inferred latch for "ula_opcode[0]" at CONTROL16.vhd(26) File: C:/Users/Victor/Documents/Titanic2/CONTROL16.vhd Line: 26
Info (10041): Inferred latch for "ula_opcode[1]" at CONTROL16.vhd(26) File: C:/Users/Victor/Documents/Titanic2/CONTROL16.vhd Line: 26
Info (10041): Inferred latch for "ula_opcode[2]" at CONTROL16.vhd(26) File: C:/Users/Victor/Documents/Titanic2/CONTROL16.vhd Line: 26
Info (10041): Inferred latch for "ula_opcode[3]" at CONTROL16.vhd(26) File: C:/Users/Victor/Documents/Titanic2/CONTROL16.vhd Line: 26
Info (10041): Inferred latch for "ula_opcode[4]" at CONTROL16.vhd(26) File: C:/Users/Victor/Documents/Titanic2/CONTROL16.vhd Line: 26
Info (10041): Inferred latch for "ula_opcode[5]" at CONTROL16.vhd(26) File: C:/Users/Victor/Documents/Titanic2/CONTROL16.vhd Line: 26
Info (10041): Inferred latch for "ula_opcode[6]" at CONTROL16.vhd(26) File: C:/Users/Victor/Documents/Titanic2/CONTROL16.vhd Line: 26
Info (10041): Inferred latch for "ula_opcode[7]" at CONTROL16.vhd(26) File: C:/Users/Victor/Documents/Titanic2/CONTROL16.vhd Line: 26
Info (10041): Inferred latch for "MemParaReg" at CONTROL16.vhd(26) File: C:/Users/Victor/Documents/Titanic2/CONTROL16.vhd Line: 26
Info (10041): Inferred latch for "DesvioCondicional" at CONTROL16.vhd(26) File: C:/Users/Victor/Documents/Titanic2/CONTROL16.vhd Line: 26
Info (12128): Elaborating entity "REGBANK16" for hierarchy "REGBANK16:BANCO_DE_REGISTRADORES" File: C:/Users/Victor/Documents/Titanic2/Titanic2.vhd Line: 235
Info (276014): Found 1 instances of uninferred RAM logic
    Info (276007): RAM logic "REGBANK16:BANCO_DE_REGISTRADORES|ARRAYREG" is uninferred due to asynchronous read logic File: C:/Users/Victor/Documents/Titanic2/REGBANK16.vhd Line: 21
Warning (13034): The following nodes have both tri-state and non-tri-state drivers
    Warning (13035): Inserted always-enabled tri-state buffer between "test_enderecoMais2[2]" and its non-tri-state driver. File: C:/Users/Victor/Documents/Titanic2/Titanic2.vhd Line: 10
    Warning (13035): Inserted always-enabled tri-state buffer between "test_enderecoMais2[3]" and its non-tri-state driver. File: C:/Users/Victor/Documents/Titanic2/Titanic2.vhd Line: 10
    Warning (13035): Inserted always-enabled tri-state buffer between "test_enderecoMais2[4]" and its non-tri-state driver. File: C:/Users/Victor/Documents/Titanic2/Titanic2.vhd Line: 10
    Warning (13035): Inserted always-enabled tri-state buffer between "test_enderecoMais2[5]" and its non-tri-state driver. File: C:/Users/Victor/Documents/Titanic2/Titanic2.vhd Line: 10
    Warning (13035): Inserted always-enabled tri-state buffer between "test_enderecoMais2[6]" and its non-tri-state driver. File: C:/Users/Victor/Documents/Titanic2/Titanic2.vhd Line: 10
    Warning (13035): Inserted always-enabled tri-state buffer between "test_enderecoMais2[7]" and its non-tri-state driver. File: C:/Users/Victor/Documents/Titanic2/Titanic2.vhd Line: 10
    Warning (13035): Inserted always-enabled tri-state buffer between "test_enderecoMais2[8]" and its non-tri-state driver. File: C:/Users/Victor/Documents/Titanic2/Titanic2.vhd Line: 10
    Warning (13035): Inserted always-enabled tri-state buffer between "test_enderecoMais2[9]" and its non-tri-state driver. File: C:/Users/Victor/Documents/Titanic2/Titanic2.vhd Line: 10
    Warning (13035): Inserted always-enabled tri-state buffer between "test_enderecoMais2[10]" and its non-tri-state driver. File: C:/Users/Victor/Documents/Titanic2/Titanic2.vhd Line: 10
    Warning (13035): Inserted always-enabled tri-state buffer between "test_enderecoMais2[11]" and its non-tri-state driver. File: C:/Users/Victor/Documents/Titanic2/Titanic2.vhd Line: 10
    Warning (13035): Inserted always-enabled tri-state buffer between "test_enderecoMais2[12]" and its non-tri-state driver. File: C:/Users/Victor/Documents/Titanic2/Titanic2.vhd Line: 10
    Warning (13035): Inserted always-enabled tri-state buffer between "test_enderecoMais2[13]" and its non-tri-state driver. File: C:/Users/Victor/Documents/Titanic2/Titanic2.vhd Line: 10
    Warning (13035): Inserted always-enabled tri-state buffer between "test_enderecoMais2[14]" and its non-tri-state driver. File: C:/Users/Victor/Documents/Titanic2/Titanic2.vhd Line: 10
    Warning (13035): Inserted always-enabled tri-state buffer between "test_enderecoMais2[15]" and its non-tri-state driver. File: C:/Users/Victor/Documents/Titanic2/Titanic2.vhd Line: 10
    Warning (13035): Inserted always-enabled tri-state buffer between "test_instrucao[1]" and its non-tri-state driver. File: C:/Users/Victor/Documents/Titanic2/Titanic2.vhd Line: 11
    Warning (13035): Inserted always-enabled tri-state buffer between "test_instrucao[2]" and its non-tri-state driver. File: C:/Users/Victor/Documents/Titanic2/Titanic2.vhd Line: 11
    Warning (13035): Inserted always-enabled tri-state buffer between "test_instrucao[5]" and its non-tri-state driver. File: C:/Users/Victor/Documents/Titanic2/Titanic2.vhd Line: 11
    Warning (13035): Inserted always-enabled tri-state buffer between "test_instrucao[6]" and its non-tri-state driver. File: C:/Users/Victor/Documents/Titanic2/Titanic2.vhd Line: 11
    Warning (13035): Inserted always-enabled tri-state buffer between "test_instrucao[7]" and its non-tri-state driver. File: C:/Users/Victor/Documents/Titanic2/Titanic2.vhd Line: 11
    Warning (13035): Inserted always-enabled tri-state buffer between "test_instrucao[8]" and its non-tri-state driver. File: C:/Users/Victor/Documents/Titanic2/Titanic2.vhd Line: 11
    Warning (13035): Inserted always-enabled tri-state buffer between "test_instrucao[9]" and its non-tri-state driver. File: C:/Users/Victor/Documents/Titanic2/Titanic2.vhd Line: 11
    Warning (13035): Inserted always-enabled tri-state buffer between "test_instrucao[10]" and its non-tri-state driver. File: C:/Users/Victor/Documents/Titanic2/Titanic2.vhd Line: 11
    Warning (13035): Inserted always-enabled tri-state buffer between "test_instrucao[11]" and its non-tri-state driver. File: C:/Users/Victor/Documents/Titanic2/Titanic2.vhd Line: 11
    Warning (13035): Inserted always-enabled tri-state buffer between "test_instrucao[12]" and its non-tri-state driver. File: C:/Users/Victor/Documents/Titanic2/Titanic2.vhd Line: 11
    Warning (13035): Inserted always-enabled tri-state buffer between "test_instrucao[13]" and its non-tri-state driver. File: C:/Users/Victor/Documents/Titanic2/Titanic2.vhd Line: 11
    Warning (13035): Inserted always-enabled tri-state buffer between "test_instrucao[14]" and its non-tri-state driver. File: C:/Users/Victor/Documents/Titanic2/Titanic2.vhd Line: 11
    Warning (13035): Inserted always-enabled tri-state buffer between "test_instrucao[15]" and its non-tri-state driver. File: C:/Users/Victor/Documents/Titanic2/Titanic2.vhd Line: 11
Warning (13032): The following tri-state nodes are fed by constants
    Warning (13033): The pin "test_proxEnderecoOut[0]" is fed by VCC File: C:/Users/Victor/Documents/Titanic2/Titanic2.vhd Line: 9
    Warning (13033): The pin "test_proxEnderecoOut[1]" is fed by GND File: C:/Users/Victor/Documents/Titanic2/Titanic2.vhd Line: 9
    Warning (13033): The pin "test_proxEnderecoOut[2]" is fed by GND File: C:/Users/Victor/Documents/Titanic2/Titanic2.vhd Line: 9
    Warning (13033): The pin "test_proxEnderecoOut[3]" is fed by GND File: C:/Users/Victor/Documents/Titanic2/Titanic2.vhd Line: 9
    Warning (13033): The pin "test_proxEnderecoOut[4]" is fed by GND File: C:/Users/Victor/Documents/Titanic2/Titanic2.vhd Line: 9
    Warning (13033): The pin "test_proxEnderecoOut[5]" is fed by GND File: C:/Users/Victor/Documents/Titanic2/Titanic2.vhd Line: 9
    Warning (13033): The pin "test_proxEnderecoOut[6]" is fed by GND File: C:/Users/Victor/Documents/Titanic2/Titanic2.vhd Line: 9
    Warning (13033): The pin "test_proxEnderecoOut[7]" is fed by GND File: C:/Users/Victor/Documents/Titanic2/Titanic2.vhd Line: 9
    Warning (13033): The pin "test_proxEnderecoOut[8]" is fed by GND File: C:/Users/Victor/Documents/Titanic2/Titanic2.vhd Line: 9
    Warning (13033): The pin "test_proxEnderecoOut[9]" is fed by GND File: C:/Users/Victor/Documents/Titanic2/Titanic2.vhd Line: 9
    Warning (13033): The pin "test_proxEnderecoOut[10]" is fed by GND File: C:/Users/Victor/Documents/Titanic2/Titanic2.vhd Line: 9
    Warning (13033): The pin "test_proxEnderecoOut[11]" is fed by GND File: C:/Users/Victor/Documents/Titanic2/Titanic2.vhd Line: 9
    Warning (13033): The pin "test_proxEnderecoOut[12]" is fed by GND File: C:/Users/Victor/Documents/Titanic2/Titanic2.vhd Line: 9
    Warning (13033): The pin "test_proxEnderecoOut[13]" is fed by GND File: C:/Users/Victor/Documents/Titanic2/Titanic2.vhd Line: 9
    Warning (13033): The pin "test_proxEnderecoOut[14]" is fed by GND File: C:/Users/Victor/Documents/Titanic2/Titanic2.vhd Line: 9
    Warning (13033): The pin "test_proxEnderecoOut[15]" is fed by GND File: C:/Users/Victor/Documents/Titanic2/Titanic2.vhd Line: 9
    Warning (13033): The pin "test_instrucao[0]" is fed by VCC File: C:/Users/Victor/Documents/Titanic2/Titanic2.vhd Line: 11
    Warning (13033): The pin "test_instrucao[3]" is fed by GND File: C:/Users/Victor/Documents/Titanic2/Titanic2.vhd Line: 11
    Warning (13033): The pin "test_instrucao[4]" is fed by GND File: C:/Users/Victor/Documents/Titanic2/Titanic2.vhd Line: 11
    Warning (13033): The pin "test_reg1[0]" is fed by GND File: C:/Users/Victor/Documents/Titanic2/Titanic2.vhd Line: 14
    Warning (13033): The pin "test_reg1[1]" is fed by GND File: C:/Users/Victor/Documents/Titanic2/Titanic2.vhd Line: 14
    Warning (13033): The pin "test_reg1[2]" is fed by GND File: C:/Users/Victor/Documents/Titanic2/Titanic2.vhd Line: 14
    Warning (13033): The pin "test_reg1[3]" is fed by GND File: C:/Users/Victor/Documents/Titanic2/Titanic2.vhd Line: 14
    Warning (13033): The pin "test_reg1[4]" is fed by GND File: C:/Users/Victor/Documents/Titanic2/Titanic2.vhd Line: 14
    Warning (13033): The pin "test_reg1[5]" is fed by GND File: C:/Users/Victor/Documents/Titanic2/Titanic2.vhd Line: 14
    Warning (13033): The pin "test_reg1[6]" is fed by GND File: C:/Users/Victor/Documents/Titanic2/Titanic2.vhd Line: 14
    Warning (13033): The pin "test_reg1[7]" is fed by GND File: C:/Users/Victor/Documents/Titanic2/Titanic2.vhd Line: 14
    Warning (13033): The pin "test_reg1[8]" is fed by GND File: C:/Users/Victor/Documents/Titanic2/Titanic2.vhd Line: 14
    Warning (13033): The pin "test_reg1[9]" is fed by GND File: C:/Users/Victor/Documents/Titanic2/Titanic2.vhd Line: 14
    Warning (13033): The pin "test_reg1[10]" is fed by GND File: C:/Users/Victor/Documents/Titanic2/Titanic2.vhd Line: 14
    Warning (13033): The pin "test_reg1[11]" is fed by GND File: C:/Users/Victor/Documents/Titanic2/Titanic2.vhd Line: 14
    Warning (13033): The pin "test_reg1[12]" is fed by GND File: C:/Users/Victor/Documents/Titanic2/Titanic2.vhd Line: 14
    Warning (13033): The pin "test_reg1[13]" is fed by GND File: C:/Users/Victor/Documents/Titanic2/Titanic2.vhd Line: 14
    Warning (13033): The pin "test_reg1[14]" is fed by GND File: C:/Users/Victor/Documents/Titanic2/Titanic2.vhd Line: 14
    Warning (13033): The pin "test_reg1[15]" is fed by GND File: C:/Users/Victor/Documents/Titanic2/Titanic2.vhd Line: 14
    Warning (13033): The pin "test_reg2[0]" is fed by GND File: C:/Users/Victor/Documents/Titanic2/Titanic2.vhd Line: 14
    Warning (13033): The pin "test_reg2[1]" is fed by GND File: C:/Users/Victor/Documents/Titanic2/Titanic2.vhd Line: 14
    Warning (13033): The pin "test_reg2[2]" is fed by GND File: C:/Users/Victor/Documents/Titanic2/Titanic2.vhd Line: 14
    Warning (13033): The pin "test_reg2[3]" is fed by GND File: C:/Users/Victor/Documents/Titanic2/Titanic2.vhd Line: 14
    Warning (13033): The pin "test_reg2[4]" is fed by GND File: C:/Users/Victor/Documents/Titanic2/Titanic2.vhd Line: 14
    Warning (13033): The pin "test_reg2[5]" is fed by GND File: C:/Users/Victor/Documents/Titanic2/Titanic2.vhd Line: 14
    Warning (13033): The pin "test_reg2[6]" is fed by GND File: C:/Users/Victor/Documents/Titanic2/Titanic2.vhd Line: 14
    Warning (13033): The pin "test_reg2[7]" is fed by GND File: C:/Users/Victor/Documents/Titanic2/Titanic2.vhd Line: 14
    Warning (13033): The pin "test_reg2[8]" is fed by GND File: C:/Users/Victor/Documents/Titanic2/Titanic2.vhd Line: 14
    Warning (13033): The pin "test_reg2[9]" is fed by GND File: C:/Users/Victor/Documents/Titanic2/Titanic2.vhd Line: 14
    Warning (13033): The pin "test_reg2[10]" is fed by GND File: C:/Users/Victor/Documents/Titanic2/Titanic2.vhd Line: 14
    Warning (13033): The pin "test_reg2[11]" is fed by GND File: C:/Users/Victor/Documents/Titanic2/Titanic2.vhd Line: 14
    Warning (13033): The pin "test_reg2[12]" is fed by GND File: C:/Users/Victor/Documents/Titanic2/Titanic2.vhd Line: 14
    Warning (13033): The pin "test_reg2[13]" is fed by GND File: C:/Users/Victor/Documents/Titanic2/Titanic2.vhd Line: 14
    Warning (13033): The pin "test_reg2[14]" is fed by GND File: C:/Users/Victor/Documents/Titanic2/Titanic2.vhd Line: 14
    Warning (13033): The pin "test_reg2[15]" is fed by GND File: C:/Users/Victor/Documents/Titanic2/Titanic2.vhd Line: 14
Info (13060): One or more bidirectional pins are fed by always enabled tri-state buffers
    Info (13061): Fan-out of permanently enabled tri-state buffer feeding bidirectional pin "test_proxEnderecoOut[0]" is moved to its source File: C:/Users/Victor/Documents/Titanic2/Titanic2.vhd Line: 9
    Info (13061): Fan-out of permanently enabled tri-state buffer feeding bidirectional pin "test_enderecoMais2[0]" is moved to its source File: C:/Users/Victor/Documents/Titanic2/Titanic2.vhd Line: 10
    Info (13061): Fan-out of permanently enabled tri-state buffer feeding bidirectional pin "test_enderecoMais2[1]" is moved to its source File: C:/Users/Victor/Documents/Titanic2/Titanic2.vhd Line: 10
    Info (13061): Fan-out of permanently enabled tri-state buffer feeding bidirectional pin "test_enderecoMais2[2]" is moved to its source File: C:/Users/Victor/Documents/Titanic2/Titanic2.vhd Line: 10
    Info (13061): Fan-out of permanently enabled tri-state buffer feeding bidirectional pin "test_enderecoMais2[3]" is moved to its source File: C:/Users/Victor/Documents/Titanic2/Titanic2.vhd Line: 10
    Info (13061): Fan-out of permanently enabled tri-state buffer feeding bidirectional pin "test_instrucao[12]" is moved to its source File: C:/Users/Victor/Documents/Titanic2/Titanic2.vhd Line: 11
    Info (13061): Fan-out of permanently enabled tri-state buffer feeding bidirectional pin "test_instrucao[13]" is moved to its source File: C:/Users/Victor/Documents/Titanic2/Titanic2.vhd Line: 11
    Info (13061): Fan-out of permanently enabled tri-state buffer feeding bidirectional pin "test_instrucao[14]" is moved to its source File: C:/Users/Victor/Documents/Titanic2/Titanic2.vhd Line: 11
    Info (13061): Fan-out of permanently enabled tri-state buffer feeding bidirectional pin "test_instrucao[15]" is moved to its source File: C:/Users/Victor/Documents/Titanic2/Titanic2.vhd Line: 11
Info (13036): One or more bidirectional pins are fed by always-enabled (GND-fed) open-drain buffers
    Info (13037): Fan-out of permanently enabled (GND-fed) open-drain buffer feeding bidirectional pin "test_proxEnderecoOut[1]" is set to GND File: C:/Users/Victor/Documents/Titanic2/Titanic2.vhd Line: 9
    Info (13037): Fan-out of permanently enabled (GND-fed) open-drain buffer feeding bidirectional pin "test_proxEnderecoOut[2]" is set to GND File: C:/Users/Victor/Documents/Titanic2/Titanic2.vhd Line: 9
    Info (13037): Fan-out of permanently enabled (GND-fed) open-drain buffer feeding bidirectional pin "test_proxEnderecoOut[3]" is set to GND File: C:/Users/Victor/Documents/Titanic2/Titanic2.vhd Line: 9
    Info (13037): Fan-out of permanently enabled (GND-fed) open-drain buffer feeding bidirectional pin "test_proxEnderecoOut[4]" is set to GND File: C:/Users/Victor/Documents/Titanic2/Titanic2.vhd Line: 9
    Info (13037): Fan-out of permanently enabled (GND-fed) open-drain buffer feeding bidirectional pin "test_proxEnderecoOut[5]" is set to GND File: C:/Users/Victor/Documents/Titanic2/Titanic2.vhd Line: 9
    Info (13037): Fan-out of permanently enabled (GND-fed) open-drain buffer feeding bidirectional pin "test_proxEnderecoOut[6]" is set to GND File: C:/Users/Victor/Documents/Titanic2/Titanic2.vhd Line: 9
    Info (13037): Fan-out of permanently enabled (GND-fed) open-drain buffer feeding bidirectional pin "test_proxEnderecoOut[7]" is set to GND File: C:/Users/Victor/Documents/Titanic2/Titanic2.vhd Line: 9
    Info (13037): Fan-out of permanently enabled (GND-fed) open-drain buffer feeding bidirectional pin "test_proxEnderecoOut[8]" is set to GND File: C:/Users/Victor/Documents/Titanic2/Titanic2.vhd Line: 9
    Info (13037): Fan-out of permanently enabled (GND-fed) open-drain buffer feeding bidirectional pin "test_proxEnderecoOut[9]" is set to GND File: C:/Users/Victor/Documents/Titanic2/Titanic2.vhd Line: 9
    Info (13037): Fan-out of permanently enabled (GND-fed) open-drain buffer feeding bidirectional pin "test_proxEnderecoOut[10]" is set to GND File: C:/Users/Victor/Documents/Titanic2/Titanic2.vhd Line: 9
    Info (13037): Fan-out of permanently enabled (GND-fed) open-drain buffer feeding bidirectional pin "test_proxEnderecoOut[11]" is set to GND File: C:/Users/Victor/Documents/Titanic2/Titanic2.vhd Line: 9
    Info (13037): Fan-out of permanently enabled (GND-fed) open-drain buffer feeding bidirectional pin "test_proxEnderecoOut[12]" is set to GND File: C:/Users/Victor/Documents/Titanic2/Titanic2.vhd Line: 9
    Info (13037): Fan-out of permanently enabled (GND-fed) open-drain buffer feeding bidirectional pin "test_proxEnderecoOut[13]" is set to GND File: C:/Users/Victor/Documents/Titanic2/Titanic2.vhd Line: 9
    Info (13037): Fan-out of permanently enabled (GND-fed) open-drain buffer feeding bidirectional pin "test_proxEnderecoOut[14]" is set to GND File: C:/Users/Victor/Documents/Titanic2/Titanic2.vhd Line: 9
    Info (13037): Fan-out of permanently enabled (GND-fed) open-drain buffer feeding bidirectional pin "test_proxEnderecoOut[15]" is set to GND File: C:/Users/Victor/Documents/Titanic2/Titanic2.vhd Line: 9
Warning (13009): TRI or OPNDRN buffers permanently enabled
    Warning (13010): Node "test_proxEnderecoOut[0]~synth" File: C:/Users/Victor/Documents/Titanic2/Titanic2.vhd Line: 9
    Warning (13010): Node "comb~synth"
    Warning (13010): Node "comb~synth"
    Warning (13010): Node "test_instrucao[0]~synth" File: C:/Users/Victor/Documents/Titanic2/Titanic2.vhd Line: 11
    Warning (13010): Node "test_instrucao[9]~synth" File: C:/Users/Victor/Documents/Titanic2/Titanic2.vhd Line: 11
    Warning (13010): Node "test_instrucao[12]~synth" File: C:/Users/Victor/Documents/Titanic2/Titanic2.vhd Line: 11
    Warning (13010): Node "test_instrucao[15]~synth" File: C:/Users/Victor/Documents/Titanic2/Titanic2.vhd Line: 11
    Warning (13010): Node "CONTROL16:UNIDADE_DE_CONTROLE|DesvioCondicional" File: C:/Users/Victor/Documents/Titanic2/CONTROL16.vhd Line: 12
    Warning (13010): Node "CONTROL16:UNIDADE_DE_CONTROLE|EscReg" File: C:/Users/Victor/Documents/Titanic2/CONTROL16.vhd Line: 15
    Warning (13010): Node "CONTROL16:UNIDADE_DE_CONTROLE|read_or_write" File: C:/Users/Victor/Documents/Titanic2/CONTROL16.vhd Line: 16
    Warning (13010): Node "CONTROL16:UNIDADE_DE_CONTROLE|ula_opcode[4]" File: C:/Users/Victor/Documents/Titanic2/CONTROL16.vhd Line: 26
    Warning (13010): Node "CONTROL16:UNIDADE_DE_CONTROLE|ula_opcode[7]" File: C:/Users/Victor/Documents/Titanic2/CONTROL16.vhd Line: 26
Info (16010): Generating hard_block partition "hard_block:auto_generated_inst"
    Info (16011): Adding 0 node(s), including 0 DDIO, 0 PLL, 0 transceiver and 0 LCELL
Warning (21074): Design contains 2 input pin(s) that do not drive logic
    Warning (15610): No output dependent on input pin "CLK" File: C:/Users/Victor/Documents/Titanic2/Titanic2.vhd Line: 6
    Warning (15610): No output dependent on input pin "RST" File: C:/Users/Victor/Documents/Titanic2/Titanic2.vhd Line: 7
Info (21057): Implemented 95 device resources after synthesis - the final resource count might be different
    Info (21058): Implemented 2 input pins
    Info (21059): Implemented 0 output pins
    Info (21060): Implemented 93 bidirectional pins
Info: Quartus Prime Analysis & Synthesis was successful. 0 errors, 103 warnings
    Info: Peak virtual memory: 4881 megabytes
    Info: Processing ended: Tue Dec 04 18:09:25 2018
    Info: Elapsed time: 00:00:16
    Info: Total CPU time (on all processors): 00:00:36


